# cmd: cargo build --workspace --all-targets --locked
# commit: 3ec8bc57dc35d1e9e65075ae9424bff427c47833
# start: 2026-09-15T10:34:49Z
# CARGO_TARGET_DIR=/home/shebin.guest/.cache/safenet-run2/target CARGO_BUILD_JOBS=2
   Compiling proc-macro2 v1.0.106
   Compiling unicode-ident v1.0.24
   Compiling quote v1.0.45
   Compiling serde v1.0.228
   Compiling serde_core v1.0.228
   Compiling syn v2.0.117
   Compiling cfg-if v1.0.4
   Compiling libc v0.2.186
   Compiling typenum v1.20.1
   Compiling serde_derive v1.0.228
   Compiling zeroize_derive v1.4.3
   Compiling zeroize v1.8.2
   Compiling once_cell v1.21.4
   Compiling version_check v0.9.5
   Compiling itoa v1.0.18
   Compiling pin-project-lite v0.2.17
   Compiling subtle v2.6.1
   Compiling memchr v2.8.1
   Compiling generic-array v0.14.9
   Compiling const-oid v0.9.6
   Compiling bytes v1.11.1
   Compiling jobserver v0.1.34
   Compiling shlex v2.0.1
   Compiling foldhash v0.2.0
   Compiling find-msvc-tools v0.1.9
   Compiling cc v1.2.63
   Compiling smallvec v1.15.1
   Compiling block-buffer v0.10.4
   Compiling crypto-common v0.1.6
   Compiling digest v0.10.7
   Compiling hybrid-array v0.4.12
   Compiling getrandom v0.2.17
   Compiling rand_core v0.6.4
   Compiling crypto-common v0.2.2
   Compiling block-buffer v0.12.0
   Compiling hashbrown v0.17.1
   Compiling futures-core v0.3.32
   Compiling cpufeatures v0.2.17
   Compiling equivalent v1.0.2
   Compiling unicode-segmentation v1.13.3
   Compiling thiserror-impl v2.0.18
   Compiling convert_case v0.10.0
   Compiling unicode-xid v0.2.6
   Compiling paste v1.0.15
   Compiling base16ct v0.2.0
   Compiling ruint-macro v1.2.1
   Compiling zmij v1.0.21
   Compiling serdect v0.2.0
   Compiling derive_more-impl v2.1.1
   Compiling der v0.7.10
   Compiling tracing-attributes v0.1.31
   Compiling serde_json v1.0.150
   Compiling cmov v0.5.4
   Compiling log v0.4.32
   Compiling ctutils v0.4.2
   Compiling spki v0.7.3
   Compiling sha2 v0.10.9
   Compiling ff v0.13.1
   Compiling scopeguard v1.2.0
   Compiling const-oid v0.10.2
   Compiling lock_api v0.4.14
   Compiling digest v0.11.3
   Compiling group v0.13.0
   Compiling pkcs8 v0.10.2
   Compiling sec1 v0.7.3
   Compiling crypto-bigint v0.5.5
   Compiling hmac v0.12.1
   Compiling tracing-core v0.1.36
   Compiling stable_deref_trait v1.2.1
   Compiling parking_lot_core v0.9.12
   Compiling thiserror v2.0.18
   Compiling elliptic-curve v0.13.8
   Compiling rfc6979 v0.4.0
   Compiling signature v2.2.0
   Compiling alloy-rlp-derive v0.3.15
   Compiling cpufeatures v0.3.0
   Compiling dunce v1.0.5
   Compiling arrayvec v0.7.6
   Compiling ecdsa v0.16.9
   Compiling synstructure v0.13.2
   Compiling alloy-rlp v0.3.15
   Compiling ruint v1.18.0
   Compiling k256 v0.13.4
   Compiling keccak v0.2.0
   Compiling tracing v0.1.44
   Compiling sha3 v0.11.0
   Compiling zerofrom-derive v0.1.7
   Compiling derive_more v2.1.1
   Compiling const-hex v1.19.1
   Compiling rustc-hash v2.1.2
   Compiling alloy-primitives v1.6.0
   Compiling zerofrom v0.1.8
   Compiling yoke-derive v0.8.2
   Compiling zerovec-derive v0.11.3
   Compiling yoke v0.8.3
   Compiling displaydoc v0.2.6
   Compiling zerovec v0.11.6
   Compiling base64 v0.22.1
   Compiling futures-sink v0.3.32
   Compiling futures-task v0.3.32
   Compiling heck v0.5.0
   Compiling futures-io v0.3.32
   Compiling tinystr v0.8.3
   Compiling parking_lot v0.12.5
   Compiling errno v0.3.14
   Compiling litemap v0.8.2
   Compiling writeable v0.6.3
   Compiling indexmap v2.14.0
   Compiling icu_locale_core v2.2.0
   Compiling signal-hook-registry v1.4.8
   Compiling potential_utf v0.1.5
   Compiling zerotrie v0.2.4
   Compiling tokio-macros v2.7.0
   Compiling socket2 v0.6.4
   Compiling mio v1.2.1
   Compiling utf8_iter v1.0.4
   Compiling icu_normalizer_data v2.2.0
   Compiling slab v0.4.12
   Compiling tokio v1.52.3
   Compiling icu_collections v2.2.0
   Compiling icu_provider v2.2.0
   Compiling percent-encoding v2.3.2
   Compiling icu_properties_data v2.2.0
   Compiling http v1.4.2
   Compiling either v1.16.0
   Compiling winnow v1.0.3
   Compiling alloy-sol-type-parser v1.6.0
   Compiling futures-channel v0.3.32
   Compiling icu_properties v2.2.0
   Compiling alloy-json-abi v1.6.0
   Compiling syn-solidity v1.6.0
   Compiling futures-macro v0.3.32
   Compiling macro-string v0.2.0
   Compiling proc-macro-error-attr2 v2.0.0
   Compiling crc-catalog v2.5.0
   Compiling crc v3.4.0
   Compiling proc-macro-error2 v2.0.1
   Compiling alloy-sol-macro-input v1.6.0
   Compiling futures-util v0.3.32
   Compiling alloy-sol-macro-expander v1.6.0
   Compiling form_urlencoded v1.2.2
   Compiling auto_impl v1.3.0
   Compiling ident_case v1.0.1
   Compiling strsim v0.11.1
   Compiling darling_core v0.23.0
   Compiling alloy-sol-macro v1.6.0
   Compiling cmake v0.1.58
   Compiling fs_extra v1.3.0
   Compiling crossbeam-utils v0.8.21
   Compiling aws-lc-sys v0.41.0
   Compiling alloy-sol-types v1.6.0
   Compiling darling_macro v0.23.0
   Compiling tokio-util v0.7.18
   Compiling darling v0.23.0
   Compiling blst v0.3.16
   Compiling hex v0.4.3
   Compiling rustls-pki-types v1.14.1
   Compiling num_cpus v1.17.0
   Compiling aws-lc-rs v1.17.0
   Compiling tower-service v0.3.3
   Compiling threadpool v1.8.1
   Compiling serde_with_macros v3.21.0
   Compiling icu_normalizer v2.2.0
   Compiling c-kzg v2.1.7
   Compiling allocator-api2 v0.2.21
   Compiling zerocopy v0.8.50
   Compiling idna_adapter v1.2.2
   Compiling serde_with v3.21.0
   Compiling itertools v0.14.0
   Compiling httparse v1.10.1
   Compiling idna v1.1.0
   Compiling alloy-eip2124 v0.2.0
   Compiling http-body v1.0.1
   Compiling alloy-serde v2.0.5
   Compiling alloy-eip7702 v0.6.3
   Compiling alloy-eip7928 v0.3.7
   Compiling alloy-eip2930 v0.2.3
   Compiling nybbles v0.4.8
   Compiling rustls v0.23.40
   Compiling untrusted v0.9.0
   Compiling getrandom v0.3.4
   Compiling tower-layer v0.3.3
   Compiling alloy-trie v0.9.5
   Compiling alloy-eips v2.0.5
   Compiling ppv-lite86 v0.2.21
   Compiling url v2.5.8
   Compiling alloy-tx-macros v2.0.5
   Compiling sync_wrapper v1.0.2
   Compiling alloy-consensus v2.0.5
   Compiling rand_core v0.9.5
   Compiling tower v0.5.3
   Compiling futures-executor v0.3.32
   Compiling rustversion v1.0.22
   Compiling atomic-waker v1.1.2
   Compiling fnv v1.0.7
   Compiling try-lock v0.2.5
   Compiling want v0.3.1
   Compiling h2 v0.4.14
   Compiling alloy-consensus-any v2.0.5
   Compiling alloy-network-primitives v2.0.5
   Compiling tokio-stream v0.1.18
   Compiling alloy-json-rpc v2.0.5
   Compiling vcpkg v0.2.15
   Compiling httpdate v1.0.3
   Compiling pkg-config v0.3.33
   Compiling futures-utils-wasm v0.1.0
   Compiling hyper v1.10.1
   Compiling alloy-rpc-types-eth v2.0.5
   Compiling rand_chacha v0.9.0
   Compiling hashbrown v0.16.1
   Compiling openssl-probe v0.2.1
   Compiling ipnet v2.12.0
   Compiling hyper-util v0.1.20
   Compiling rustls-native-certs v0.8.4
   Compiling rand v0.9.4
   Compiling futures v0.3.32
   Compiling http-body-util v0.1.3
   Compiling autocfg v1.5.1
   Compiling parking v2.2.1
   Compiling num-traits v0.2.19
   Compiling alloy-transport v2.0.5
   Compiling bitflags v2.13.0
   Compiling webpki-roots v1.0.7
   Compiling spin v0.9.8
   Compiling sha1 v0.10.6
   Compiling bimap v0.6.3
   Compiling utf-8 v0.7.6
   Compiling data-encoding v2.11.0
   Compiling alloy-pubsub v2.0.5
   Compiling webpki-roots v0.26.11
   Compiling tower-http v0.6.11
   Compiling concurrent-queue v2.5.0
   Compiling libsqlite3-sys v0.37.0
   Compiling pin-project-internal v1.1.13
   Compiling async-trait v0.1.89
   Compiling doctest-file v1.1.1
   Compiling interprocess v2.4.2
   Compiling alloy-signer v2.0.5
   Compiling pin-project v1.1.13
   Compiling event-listener v5.4.1
   Compiling atoi v2.0.0
   Compiling futures-intrusive v0.5.0
   Compiling hashlink v0.11.1
   Compiling crossbeam-queue v0.3.12
   Compiling alloy-rpc-types-any v2.0.5
   Compiling crossbeam-epoch v0.9.18
   Compiling strum_macros v0.27.2
   Compiling num_enum_derive v0.7.6
   Compiling sqlx-core v0.9.0
   Compiling num_enum v0.7.6
   Compiling strum v0.27.2
   Compiling alloy-network v2.0.5
   Compiling alloy-transport-ipc v2.0.5
   Compiling flume v0.12.0
   Compiling rapidhash v4.4.1
   Compiling alloy-rpc-types-txpool v2.0.5
   Compiling alloy-rpc-types-trace v2.0.5
   Compiling alloy-rpc-types-anvil v2.0.5
   Compiling alloy-rpc-types-debug v2.0.5
   Compiling aho-corasick v1.1.4
   Compiling async-stream-impl v0.3.6
   Compiling regex-syntax v0.8.10
   Compiling hashbrown v0.14.5
   Compiling dashmap v6.2.1
   Compiling regex-automata v0.4.14
   Compiling async-stream v0.3.6
   Compiling metrics v0.24.6
   Compiling sqlx-sqlite v0.9.0
   Compiling alloy-chains v0.2.34
   Compiling lru v0.16.4
   Compiling rand_chacha v0.3.1
   Compiling alloy-dyn-abi v1.6.0
   Compiling dotenvy v0.15.7
   Compiling sqlx-macros-core v0.9.0
   Compiling rand v0.8.6
   Compiling rand_xoshiro v0.7.0
   Compiling quanta v0.12.6
   Compiling left-right v0.11.7
   Compiling hashbag v0.1.13
   Compiling lazy_static v1.5.0
   Compiling sketches-ddsketch v0.3.1
   Compiling metrics-exporter-prometheus v0.18.3
   Compiling semver v1.0.28
   Compiling rustc_version v0.4.1
   Compiling metrics-util v0.20.4
   Compiling sharded-slab v0.1.7
   Compiling evmap v11.0.0
   Compiling rustls-webpki v0.103.13
   Compiling alloy-signer-local v2.0.5
   Compiling sqlx-macros v0.9.0
   Compiling tokio-rustls v0.26.4
   Compiling hyper-rustls v0.27.9
   Compiling tungstenite v0.28.0
   Compiling rustls-platform-verifier v0.7.0
   Compiling tokio-tungstenite v0.28.0
   Compiling reqwest v0.13.4
   Compiling alloy-transport-ws v2.0.5
   Compiling alloy-core v1.6.0
   Compiling matchers v0.2.0
   Compiling alloy-rpc-types v2.0.5
   Compiling tracing-serde v0.2.0
   Compiling alloy-transport-http v2.0.5
   Compiling alloy-rpc-client v2.0.5
   Compiling alloy-provider v2.0.5
   Compiling tracing-log v0.2.0
   Compiling hmac v0.13.0
   Compiling thread_local v1.1.9
   Compiling nu-ansi-term v0.50.3
   Compiling tracing-subscriber v0.3.23
   Compiling alloy-contract v2.0.5
   Compiling hkdf v0.13.0
   Compiling alloy v2.0.5
   Compiling sqlx v0.9.0
   Compiling heapless v0.7.17
   Compiling tokio-metrics v0.5.2
   Compiling regex v1.12.3
   Compiling sha2 v0.11.0
   Compiling argh_shared v0.1.19
   Compiling byteorder v1.5.0
   Compiling hash32 v0.2.1
   Compiling argh_derive v0.1.19
   Compiling toml_parser v1.1.2+spec-1.1.0
   Compiling toml_datetime v1.1.1+spec-1.1.0
   Compiling serde_spanned v1.1.1
   Compiling toml_writer v1.1.1+spec-1.1.0
   Compiling toml v1.1.2+spec-1.1.0
   Compiling argh v0.1.19
   Compiling safenet-core v0.2.0 (/home/shebin.guest/safe/safenet/crates/core)
   Compiling cobs v0.3.0
   Compiling litrs v1.0.0
   Compiling crossbeam-deque v0.8.7
   Compiling document-features v0.2.12
   Compiling postcard v1.1.3
   Compiling derive-getters v0.5.0
   Compiling visibility v0.1.1
   Compiling const-crc32-nostd v1.3.1
   Compiling rayon-core v1.13.0
   Compiling frost-core v3.0.0
   Compiling ryu v1.0.23
   Compiling mime v0.3.17
   Compiling axum-core v0.5.6
   Compiling serde_urlencoded v0.7.1
   Compiling frost-rerandomized v3.0.0
   Compiling serde_path_to_error v0.1.20
   Compiling matchit v0.8.4
   Compiling axum v0.8.9
   Compiling frost-secp256k1 v3.0.0
   Compiling rayon v1.12.0
   Compiling tower-http v0.7.0
   Compiling validator v0.2.0 (/home/shebin.guest/safe/safenet/crates/validator)
   Compiling sentinel-engine v0.2.0 (/home/shebin.guest/safe/safenet/crates/sentinel-engine)
   Compiling sentinel v0.2.0 (/home/shebin.guest/safe/safenet/crates/sentinel)
    Finished `dev` profile [unoptimized + debuginfo] target(s) in 1m 36s
warning: the following packages contain code that will be rejected by a future version of Rust: proc-macro-error2 v2.0.1
note: to see what the problems were, use the option `--future-incompat-report`, or run `cargo report future-incompatibilities --id 1`
# end: 2026-09-15T10:36:26Z
# exit=0
