# cmd: cargo clippy --workspace --all-targets --locked -- -D warnings
# commit: 4ac68383b636eb5409cf77c69bbd83bd651bdf3c
# CARGO_TARGET_DIR=/home/shebin.guest/.cache/safenet-run2/target CARGO_BUILD_JOBS=2
# clippy: clippy 0.1.98 (48a229ceae 2026-09-01)
    Checking serde_core v1.0.228
    Checking libc v0.2.186
    Checking cfg-if v1.0.4
    Checking zeroize v1.8.2
    Checking once_cell v1.21.4
    Checking typenum v1.20.1
    Checking serde v1.0.228
    Checking bytes v1.11.1
    Checking subtle v2.6.1
    Checking itoa v1.0.18
    Checking generic-array v0.14.9
    Checking const-oid v0.9.6
    Checking foldhash v0.2.0
    Checking smallvec v1.15.1
    Checking pin-project-lite v0.2.17
    Checking crypto-common v0.1.6
    Checking block-buffer v0.10.4
    Checking getrandom v0.2.17
    Checking digest v0.10.7
    Checking rand_core v0.6.4
    Checking hashbrown v0.17.1
    Checking cpufeatures v0.2.17
    Checking base16ct v0.2.0
    Checking memchr v2.8.1
    Checking serdect v0.2.0
    Checking der v0.7.10
    Checking hybrid-array v0.4.12
    Checking cmov v0.5.4
    Checking log v0.4.32
    Checking ctutils v0.4.2
    Checking block-buffer v0.12.0
    Checking crypto-common v0.2.2
    Checking spki v0.7.3
    Checking sha2 v0.10.9
    Checking ff v0.13.1
    Checking const-oid v0.10.2
    Checking digest v0.11.3
    Checking group v0.13.0
    Checking pkcs8 v0.10.2
    Checking sec1 v0.7.3
    Checking crypto-bigint v0.5.5
    Checking hmac v0.12.1
    Checking tracing-core v0.1.36
    Checking rfc6979 v0.4.0
    Checking signature v2.2.0
    Checking cpufeatures v0.3.0
    Checking arrayvec v0.7.6
    Checking alloy-rlp v0.3.15
    Checking elliptic-curve v0.13.8
    Checking thiserror v2.0.18
    Checking ruint v1.18.0
    Checking ecdsa v0.16.9
    Checking keccak v0.2.0
    Checking k256 v0.13.4
    Checking tracing v0.1.44
    Checking sha3 v0.11.0
    Checking derive_more v2.1.1
    Checking const-hex v1.19.1
    Checking futures-core v0.3.32
    Checking rustc-hash v2.1.2
    Checking scopeguard v1.2.0
    Checking alloy-primitives v1.6.0
    Checking lock_api v0.4.14
    Checking stable_deref_trait v1.2.1
    Checking parking_lot_core v0.9.12
   Compiling zmij v1.0.21
   Compiling equivalent v1.0.2
    Checking base64 v0.22.1
   Compiling serde_json v1.0.150
    Checking futures-sink v0.3.32
    Checking parking_lot v0.12.5
    Checking errno v0.3.14
   Compiling indexmap v2.14.0
    Checking signal-hook-registry v1.4.8
    Checking socket2 v0.6.4
    Checking mio v1.2.1
    Checking slab v0.4.12
    Checking tokio v1.52.3
    Checking zerofrom v0.1.8
    Checking yoke v0.8.3
    Checking http v1.4.2
    Checking either v1.16.0
   Compiling alloy-sol-type-parser v1.6.0
    Checking futures-channel v0.3.32
    Checking winnow v1.0.3
   Compiling alloy-json-abi v1.6.0
    Checking zerovec v0.11.6
    Checking futures-task v0.3.32
    Checking futures-io v0.3.32
    Checking futures-util v0.3.32
   Compiling alloy-sol-macro-input v1.6.0
   Compiling alloy-sol-macro-expander v1.6.0
    Checking percent-encoding v2.3.2
   Compiling darling_core v0.23.0
   Compiling alloy-sol-macro v1.6.0
    Checking tinystr v0.8.3
    Checking writeable v0.6.3
    Checking litemap v0.8.2
    Checking icu_locale_core v2.2.0
    Checking alloy-sol-types v1.6.0
   Compiling darling_macro v0.23.0
    Checking potential_utf v0.1.5
    Checking tokio-util v0.7.18
    Checking zerotrie v0.2.4
    Checking utf8_iter v1.0.4
    Checking crc-catalog v2.5.0
    Checking crc v3.4.0
    Checking icu_provider v2.2.0
    Checking icu_collections v2.2.0
   Compiling darling v0.23.0
    Checking crossbeam-utils v0.8.21
    Checking hex v0.4.3
    Checking icu_normalizer_data v2.2.0
    Checking icu_properties_data v2.2.0
    Checking rustls-pki-types v1.14.1
    Checking num_cpus v1.17.0
    Checking tower-service v0.3.3
    Checking threadpool v1.8.1
    Checking icu_properties v2.2.0
    Checking icu_normalizer v2.2.0
   Compiling serde_with_macros v3.21.0
    Checking form_urlencoded v1.2.2
    Checking idna_adapter v1.2.2
    Checking blst v0.3.16
    Checking aws-lc-sys v0.41.0
    Checking serde_with v3.21.0
    Checking itertools v0.14.0
    Checking aws-lc-rs v1.17.0
    Checking c-kzg v2.1.7
    Checking idna v1.1.0
    Checking zerocopy v0.8.50
    Checking alloy-eip2124 v0.2.0
    Checking http-body v1.0.1
    Checking alloy-serde v2.0.5
    Checking alloy-eip2930 v0.2.3
    Checking alloy-eip7928 v0.3.7
    Checking alloy-eip7702 v0.6.3
    Checking nybbles v0.4.8
    Checking untrusted v0.9.0
    Checking tower-layer v0.3.3
    Checking rustls-webpki v0.103.13
    Checking alloy-trie v0.9.5
    Checking ppv-lite86 v0.2.21
    Checking alloy-eips v2.0.5
    Checking url v2.5.8
    Checking httparse v1.10.1
   Compiling alloy-tx-macros v2.0.5
    Checking sync_wrapper v1.0.2
    Checking rustls v0.23.40
    Checking alloy-consensus v2.0.5
    Checking getrandom v0.3.4
    Checking rand_core v0.9.5
    Checking tower v0.5.3
    Checking futures-executor v0.3.32
    Checking atomic-waker v1.1.2
    Checking try-lock v0.2.5
    Checking fnv v1.0.7
    Checking h2 v0.4.14
    Checking want v0.3.1
    Checking alloy-consensus-any v2.0.5
    Checking alloy-network-primitives v2.0.5
    Checking alloy-json-rpc v2.0.5
    Checking tokio-stream v0.1.18
    Checking futures-utils-wasm v0.1.0
    Checking allocator-api2 v0.2.21
    Checking httpdate v1.0.3
    Checking hashbrown v0.16.1
    Checking hyper v1.10.1
    Checking alloy-rpc-types-eth v2.0.5
    Checking rand_chacha v0.9.0
    Checking tokio-rustls v0.26.4
    Checking openssl-probe v0.2.1
    Checking ipnet v2.12.0
    Checking hyper-util v0.1.20
    Checking rustls-native-certs v0.8.4
    Checking rand v0.9.4
    Checking futures v0.3.32
    Checking http-body-util v0.1.3
    Checking alloy-transport v2.0.5
    Checking bitflags v2.13.0
    Checking hyper-rustls v0.27.9
    Checking webpki-roots v1.0.7
    Checking sha1 v0.10.6
    Checking data-encoding v2.11.0
    Checking utf-8 v0.7.6
    Checking bimap v0.6.3
    Checking alloy-pubsub v2.0.5
    Checking tungstenite v0.28.0
    Checking webpki-roots v0.26.11
    Checking tower-http v0.6.11
   Compiling concurrent-queue v2.5.0
    Checking rustls-platform-verifier v0.7.0
   Compiling parking v2.2.1
    Checking interprocess v2.4.2
   Compiling event-listener v5.4.1
    Checking pin-project v1.1.13
    Checking alloy-signer v2.0.5
    Checking reqwest v0.13.4
    Checking tokio-tungstenite v0.28.0
   Compiling futures-intrusive v0.5.0
   Compiling hashlink v0.11.1
   Compiling crossbeam-queue v0.3.12
   Compiling num-traits v0.2.19
   Compiling spin v0.9.8
    Checking alloy-rpc-types-any v2.0.5
    Checking crossbeam-epoch v0.9.18
    Checking num_enum v0.7.6
   Compiling atoi v2.0.0
   Compiling sqlx-core v0.9.0
    Checking strum v0.27.2
    Checking alloy-network v2.0.5
   Compiling flume v0.12.0
    Checking alloy-transport-ws v2.0.5
    Checking alloy-transport-http v2.0.5
    Checking alloy-transport-ipc v2.0.5
    Checking alloy-rpc-types-txpool v2.0.5
    Checking alloy-rpc-types-anvil v2.0.5
    Checking alloy-rpc-types-trace v2.0.5
    Checking rapidhash v4.4.1
    Checking alloy-rpc-types-debug v2.0.5
    Checking aho-corasick v1.1.4
    Checking regex-syntax v0.8.10
    Checking hashbrown v0.14.5
    Checking dashmap v6.2.1
    Checking regex-automata v0.4.14
    Checking async-stream v0.3.6
    Checking metrics v0.24.6
   Compiling sqlx-sqlite v0.9.0
    Checking alloy-rpc-client v2.0.5
    Checking alloy-chains v0.2.34
    Checking lru v0.16.4
    Checking rand_chacha v0.3.1
    Checking alloy-dyn-abi v1.6.0
   Compiling sqlx-macros-core v0.9.0
    Checking rand v0.8.6
    Checking alloy-provider v2.0.5
    Checking libsqlite3-sys v0.37.0
    Checking rand_xoshiro v0.7.0
    Checking quanta v0.12.6
    Checking left-right v0.11.7
    Checking hashbag v0.1.13
    Checking sketches-ddsketch v0.3.1
    Checking lazy_static v1.5.0
    Checking sharded-slab v0.1.7
    Checking metrics-util v0.20.4
    Checking evmap v11.0.0
    Checking alloy-signer-local v2.0.5
   Compiling sqlx-macros v0.9.0
    Checking alloy-contract v2.0.5
    Checking alloy-core v1.6.0
    Checking matchers v0.2.0
    Checking alloy-rpc-types v2.0.5
    Checking tracing-serde v0.2.0
    Checking tracing-log v0.2.0
    Checking hmac v0.13.0
    Checking thread_local v1.1.9
    Checking nu-ansi-term v0.50.3
    Checking hkdf v0.13.0
    Checking alloy v2.0.5
    Checking sqlx v0.9.0
    Checking tracing-subscriber v0.3.23
    Checking metrics-exporter-prometheus v0.18.3
    Checking regex v1.12.3
    Checking tokio-metrics v0.5.2
    Checking sha2 v0.11.0
    Checking byteorder v1.5.0
    Checking hash32 v0.2.1
    Checking toml_parser v1.1.2+spec-1.1.0
    Checking argh_shared v0.1.19
    Checking toml_datetime v1.1.1+spec-1.1.0
    Checking serde_spanned v1.1.1
    Checking toml_writer v1.1.1+spec-1.1.0
    Checking argh v0.1.19
    Checking toml v1.1.2+spec-1.1.0
    Checking safenet-core v0.2.0 (/home/shebin.guest/safe/safenet/crates/core)
    Checking heapless v0.7.17
    Checking cobs v0.3.0
    Checking postcard v1.1.3
    Checking const-crc32-nostd v1.3.1
    Checking frost-core v3.0.0
    Checking crossbeam-deque v0.8.7
    Checking mime v0.3.17
    Checking ryu v1.0.23
    Checking frost-rerandomized v3.0.0
    Checking serde_urlencoded v0.7.1
    Checking axum-core v0.5.6
    Checking rayon-core v1.13.0
    Checking serde_path_to_error v0.1.20
    Checking matchit v0.8.4
    Checking rayon v1.12.0
    Checking axum v0.8.9
    Checking frost-secp256k1 v3.0.0
    Checking tower-http v0.7.0
    Checking validator v0.2.0 (/home/shebin.guest/safe/safenet/crates/validator)
    Checking sentinel-engine v0.2.0 (/home/shebin.guest/safe/safenet/crates/sentinel-engine)
    Checking sentinel v0.2.0 (/home/shebin.guest/safe/safenet/crates/sentinel)
    Finished `dev` profile [unoptimized + debuginfo] target(s) in 23.99s
warning: the following packages contain code that will be rejected by a future version of Rust: proc-macro-error2 v2.0.1
note: to see what the problems were, use the option `--future-incompat-report`, or run `cargo report future-incompatibilities --id 1`
# exit=0
